{
  "version": "1.5.0",
  "plugins_used": [
    {
      "name": "ArtifactoryDetector"
    },
    {
      "name": "AWSKeyDetector"
    },
    {
      "name": "AzureStorageKeyDetector"
    },
    {
      "name": "Base64HighEntropyString",
      "limit": 4.5
    },
    {
      "name": "BasicAuthDetector"
    },
    {
      "name": "CloudantDetector"
    },
    {
      "name": "DiscordBotTokenDetector"
    },
    {
      "name": "GitHubTokenDetector"
    },
    {
      "name": "GitLabTokenDetector"
    },
    {
      "name": "HexHighEntropyString",
      "limit": 3.0
    },
    {
      "name": "IbmCloudIamDetector"
    },
    {
      "name": "IbmCosHmacDetector"
    },
    {
      "name": "IPPublicDetector"
    },
    {
      "name": "JwtTokenDetector"
    },
    {
      "name": "KeywordDetector",
      "keyword_exclude": ""
    },
    {
      "name": "MailchimpDetector"
    },
    {
      "name": "NpmDetector"
    },
    {
      "name": "OpenAIDetector"
    },
    {
      "name": "PrivateKeyDetector"
    },
    {
      "name": "PypiTokenDetector"
    },
    {
      "name": "SendGridDetector"
    },
    {
      "name": "SlackDetector"
    },
    {
      "name": "SoftlayerDetector"
    },
    {
      "name": "SquareOAuthDetector"
    },
    {
      "name": "StripeDetector"
    },
    {
      "name": "TelegramBotTokenDetector"
    },
    {
      "name": "TwilioKeyDetector"
    }
  ],
  "filters_used": [
    {
      "path": "detect_secrets.filters.allowlist.is_line_allowlisted"
    },
    {
      "path": "detect_secrets.filters.common.is_ignored_due_to_verification_policies",
      "min_level": 2
    },
    {
      "path": "detect_secrets.filters.heuristic.is_indirect_reference"
    },
    {
      "path": "detect_secrets.filters.heuristic.is_likely_id_string"
    },
    {
      "path": "detect_secrets.filters.heuristic.is_lock_file"
    },
    {
      "path": "detect_secrets.filters.heuristic.is_not_alphanumeric_string"
    },
    {
      "path": "detect_secrets.filters.heuristic.is_potential_uuid"
    },
    {
      "path": "detect_secrets.filters.heuristic.is_prefixed_with_dollar_sign"
    },
    {
      "path": "detect_secrets.filters.heuristic.is_sequential_string"
    },
    {
      "path": "detect_secrets.filters.heuristic.is_swagger_file"
    },
    {
      "path": "detect_secrets.filters.heuristic.is_templated_secret"
    }
  ],
  "results": {
    ".claude\\skills\\mcp-server-creator\\references\\security-best-practices.md": [
      {
        "type": "Basic Auth Credentials",
        "filename": ".claude\\skills\\mcp-server-creator\\references\\security-best-practices.md",
        "hashed_secret": "9d4e1e23bd5b727046a9e3b4b7db57bd8d6ee684",
        "is_verified": false,
        "line_number": 366
      }
    ],
    ".claude\\skills\\mcp-server-creator\\resources\\resources-usage.md": [
      {
        "type": "Secret Keyword",
        "filename": ".claude\\skills\\mcp-server-creator\\resources\\resources-usage.md",
        "hashed_secret": "1b183a5b18794c7148b37c2ac343d38e5f95ccff",
        "is_verified": false,
        "line_number": 25
      },
      {
        "type": "Secret Keyword",
        "filename": ".claude\\skills\\mcp-server-creator\\resources\\resources-usage.md",
        "hashed_secret": "a7ca03876c53fbe1bea01477cbe0cafae9846b5f",
        "is_verified": false,
        "line_number": 26
      }
    ],
    "app\\tests\\unit\\error_recovery\\test_error_logger.py": [
      {
        "type": "Secret Keyword",
        "filename": "app\\tests\\unit\\error_recovery\\test_error_logger.py",
        "hashed_secret": "f2b14f68eb995facb3a1c35287b778d5bd785511",
        "is_verified": false,
        "line_number": 148
      },
      {
        "type": "Secret Keyword",
        "filename": "app\\tests\\unit\\error_recovery\\test_error_logger.py",
        "hashed_secret": "0a19a734afee8a5d1209dc072bcd00fc5bad8009",
        "is_verified": false,
        "line_number": 149
      }
    ],
    "app\\tests\\unit\\error_recovery\\test_utils.py": [
      {
        "type": "Secret Keyword",
        "filename": "app\\tests\\unit\\error_recovery\\test_utils.py",
        "hashed_secret": "f2b14f68eb995facb3a1c35287b778d5bd785511",
        "is_verified": false,
        "line_number": 43
      },
      {
        "type": "Secret Keyword",
        "filename": "app\\tests\\unit\\error_recovery\\test_utils.py",
        "hashed_secret": "02c173fc064db3d5d36ffbea6e3d09a6ca93ae45",
        "is_verified": false,
        "line_number": 70
      },
      {
        "type": "Secret Keyword",
        "filename": "app\\tests\\unit\\error_recovery\\test_utils.py",
        "hashed_secret": "59db85718c97565baccfdc97399b359640ad2eff",
        "is_verified": false,
        "line_number": 157
      },
      {
        "type": "Secret Keyword",
        "filename": "app\\tests\\unit\\error_recovery\\test_utils.py",
        "hashed_secret": "d17f1ab3e20d30ec8e0ec98bc91e03091f0573e1",
        "is_verified": false,
        "line_number": 172
      },
      {
        "type": "Secret Keyword",
        "filename": "app\\tests\\unit\\error_recovery\\test_utils.py",
        "hashed_secret": "e5e9fa1ba31ecd1ae84f75caaa474f3a663f05f4",
        "is_verified": false,
        "line_number": 199
      }
    ],
    "archived\\email_mcp_server\\src\\email_mcp_server\\models\\account.py": [
      {
        "type": "Secret Keyword",
        "filename": "archived\\email_mcp_server\\src\\email_mcp_server\\models\\account.py",
        "hashed_secret": "5baa61e4c9b93f3f0682250b6cf8331b7ee68fd8",
        "is_verified": false,
        "line_number": 13
      }
    ],
    "guides\\xero-setup-guide.md": [
      {
        "type": "Secret Keyword",
        "filename": "guides\\xero-setup-guide.md",
        "hashed_secret": "055bb55ead1ad799af50f569f42c6429ec303bda",
        "is_verified": false,
        "line_number": 100
      }
    ],
    "specs\\003-linkedin-schedular\\quickstart.md": [
      {
        "type": "Secret Keyword",
        "filename": "specs\\003-linkedin-schedular\\quickstart.md",
        "hashed_secret": "3dda20d46ae5f45410686152e17e912280d98748",
        "is_verified": false,
        "line_number": 40
      }
    ],
    "specs\\005-error-recovery\\data-model.md": [
      {
        "type": "Base64 High Entropy String",
        "filename": "specs\\005-error-recovery\\data-model.md",
        "hashed_secret": "8013fbe699a6d32e813936e061a0870835d6d63b",
        "is_verified": false,
        "line_number": 232
      }
    ]
  },
  "generated_at": "2026-02-23T14:17:18Z"
}
